[목록] 1페이지 -> 신규 72개 (누적 72개)
[목록] 2페이지 -> 신규 72개 (누적 144개)
[목록] 3페이지 -> 신규 53개 (누적 197개)
총 197개 상품 발견. 상세 정보 수집 시작...
  [1/197] [B-BASIC] 페이드스웨트 슬림 후드 집업 (2SIZE)
  [2/197] [B-BASIC] 골지 브이넥 랩 긴팔티 (2SIZE)
  [3/197] [B-BASIC] 골지 스퀘어넥 긴팔티 (2SIZE)
  [4/197] [B-BASIC] 페이드스웨트 스트레이트 밴딩팬츠
  [5/197] [B-BASIC] 골지 라운드넥 긴팔티 (2SIZE)
  [6/197] [B-DENIM] DARK BLUE WIDE 059
  [7/197] [B-BASIC] 텐션 스탠다드 보트넥 7부 가디건 (2SIZE)
  [8/197] [B-BASIC] 텐션 스탠다드 브이넥 긴팔티 (3SIZE)
  [9/197] [B-BASIC] 텐션 스탠다드 보트넥 긴팔티 (3SIZE)
  [10/197] [B-BASIC] 베이직 코튼스판 스트랩 스퀘어넥 나시 (캡내장) (2SIZE)
  [11/197] [B-BASIC] 와플 루즈핏 후드
  [12/197] [B-BASIC] 와플 와이드 투웨이 팬츠
  [13/197] [B-BASIC] 스탠다드 보트넥 8부티 (3SIZE)
  [14/197] [B-DENIM] LOW NON SPAN BOOTS-CUT JEANS 057
  [15/197] [B-BASIC] 미드스웨트 하이넥 집업
  [16/197] [B-BASIC] 미드스웨트 로우웨이스트 밴딩 롱스커트
  [17/197] [B-BASIC] 와플 슬림 후드 긴팔티
  [18/197] [B-DENIM] LOW POCKET BOOTS-CUT 058
  [19/197] [B-BASIC] 와플 슬림핏 7부 후드집업 (2SIZE) *
  [20/197] [B-BASIC] 소프트스웨트 버뮤다 밴딩팬츠
  [21/197] [B-BASIC] 골지 헨리넥 긴팔티 (2SIZE) *
  [22/197] [B-DENIM] LOW STRAIGHT JEANS 060
  [23/197] [B-BASIC] 미드스웨트 딥브이넥 맨투맨
  [24/197] [B-BASIC] 미드스웨트 로우웨이스트 부츠컷 밴딩팬츠 (2SIZE)
  [25/197] [B-DENIM] LOW STRAIGHT 061
  [26/197] [5천장판매] [B-BASIC] 헤비스웨트 후드 집업
  [27/197] [1만장판매] [B-BASIC] 헤비스웨트 오버핏 후드
  [28/197] [7만장판매] [B-BASIC] 헤비스웨트 와이드 투웨이 팬츠
  [29/197] [4만장판매] [B-DENIM] LONG SLIM BOOTS-CUT 017
  [30/197] [3천장판매] [B-BASIC] 라이트 스웨트 슬림 후드 집업
  [31/197] [3천장판매] [B-BASIC] 라이트 스웨트 부츠컷 밴딩팬츠
  [32/197] [6천장판매] [B-BASIC] 라이트 스웨트 오프숄더 맨투맨
  [33/197] [1천장판매] [B-BASIC] 라이트 스웨트 스트레이트 밴딩팬츠
  [34/197] [6천장판매] [B-BASIC] 스탠다드 오프숄더 긴팔티
  [35/197] [5천장판매] [B-BASIC] 스탠다드 라운드 긴팔티 (2SIZE)
  [36/197] [4천장판매] [B-BASIC] 더블코튼 리벳 후드집업
  [37/197] [1천장판매] [B-BASIC] 더블코튼 리벳 원턱 투웨이 팬츠
  [38/197] [1만장판매] [B-BASIC] 텐션 스탠다드 헨리넥 7부티 (2SIZE)
  [39/197] [B-BASIC] 텐션 스탠다드 슬림 유넥 긴팔티 (2SIZE)
  [40/197] [1천장판매] [B-BASIC] 미드스웨트 컷팅 와이드 팬츠
  [41/197] [B-BASIC] 미드스웨트 후드 집업
  [42/197] [B-BASIC] 미드스웨트 폴딩 투웨이 팬츠
  [43/197] [3천장판매] [B-DENIM] LOW VINTAGE STRAIGHT JEANS 052
  [44/197] [1만장판매] [B-BASIC] 라이트 스탠다드 헨리넥 긴팔티 (2SIZE)
  [45/197] [1천장판매] [B-BASIC] 라이트 스탠다드 라운드 긴팔티 (2SIZE)
  [46/197] [1천장판매] [B-BASIC] 스탠다드 스트라이프 긴팔티 (2SIZE)
  [47/197] [B-BASIC] 소프트 코튼 브이넥 긴팔티 (2SIZE)
  [48/197] [7만장판매] [B-BASIC] 스탠다드 보트넥 7부티 (3SIZE)
  [49/197] [7천장판매] [B-BASIC] 스탠다드 유넥 7부티 (2SIZE) *
  [50/197] [3만장판매] [B-BASIC] 스탠다드 유넥 긴팔티 (2SIZE)
  [51/197] [8천장판매] [B-BASIC] 소프트 브라탑 나시 (캡내장)
  [52/197] [1만장판매] [B-BASIC] 헤비코튼 후드 집업
  [53/197] [2만장판매] [B-BASIC] 헤비코튼 와이드 투웨이 팬츠
  [54/197] [1천장판매] [B-BASIC] 골지 롱 삭스 4팩
  [55/197] [1천장판매] [B-BASIC] 골지 미들 삭스 4팩
  [56/197] [1천장판매] [B-BASIC] 스탠다드 라운드 가디건 (2SIZE)
  [57/197] [1천장판매] [B-BASIC] 라이트 스탠다드 후드 긴팔티
  [58/197] [B-BASIC] 텐션 딥브이넥 랩 긴팔티
  [59/197] [B-BASIC] 헤비스웨트 하이넥 라인집업
  [60/197] [B-DENIM] ORIGINAL WIDE JEANS 044
  [61/197] [2천장판매] [B-BASIC] 헤비코튼 부츠컷 밴딩팬츠
  [62/197] [3천장판매] [B-BASIC] 헤비코튼 스트레이트 밴딩팬츠
  [63/197] [B-BASIC] 헤비코튼 하이넥 집업
  [64/197] [B-BASIC] 헤비코튼 절개 밴딩팬츠
  [65/197] [B-BASIC] 미드스웨트 컷팅 부츠컷 팬츠
  [66/197] [B-DENIM] WASHING LOW SLIM BOOTS-CUT JEANS 053
  [67/197] [1만장판매] [B-BASIC] 베이직 삭스 4팩
  [68/197] [42만장판매] [B-BASIC] 스탠다드 유넥 반팔티 (3SIZE)
  [69/197] [B-BASIC] 라이트 스웨트 랩 긴팔티
  [70/197] [B-BASIC] 텐션 스탠다드 헨리넥 7부 미니원피스 (2SIZE)
  [71/197] [B-DENIM] ORIGINAL LONG SKIRT 048
  [72/197] [B-DENIM] STANDARD WIDE JEANS 045
  [73/197] [3천장판매] [B-BASIC] 스탠다드 나그랑 맨투맨 긴팔티
  [74/197] [4천장판매] [B-BASIC] 스탠다드 나그랑 긴팔티 (2SIZE)
  [75/197] [B-DENIM] VINTAGE CAPRI JEANS 049
  [76/197] [B-DENIM] NONFADE CAPRI JEANS 050
  [77/197] [1천장판매] [B-BASIC] 베이직 코튼모달 유넥 긴팔티 (2SIZE)
  [78/197] [B-DENIM] CLASSIC STRAIGHT 035
  [79/197] [1천장판매] [B-BASIC] 스탠다드 나그랑 유넥 긴팔티 (2SIZE)
  [80/197] [B-BASIC] 소프트 유넥 브라탑 긴팔티 (캡내장)
  [81/197] [1천장판매] [B-BASIC] 베이직 코튼모달 긴팔티 (2TYPE)
  [82/197] [1천장판매] [B-DENIM] CLASSIC WIDE 036
  [83/197] [8만장판매] [B-BASIC] 스탠다드 나그랑 반팔티 (3SIZE)
  [84/197] [3만장판매] [B-BASIC] 스탠다드 라운드 반팔티 (3SIZE)
  [85/197] [B-BASIC] 애슬레저 하이넥 집업 UPF 50+ (2SIZE)
  [86/197] [B-BASIC] 애슬레저 부츠컷 팬츠 UPF 50+ (2TYPE)
  [87/197] [B-BASIC] 애슬레저 카프리 팬츠 UPF 50+
  [88/197] [3만장판매] [B-BASIC] 베이직 크롭 나시 (캡내장)
  [89/197] [B-BASIC] 볼드 스트라이프 후드집업
  [90/197] [B-BASIC] 볼드 스트라이프 밴딩팬츠
  [91/197] [2천장판매] [B-BASIC] 베이직 삭스 4팩 (LONG ver.)
  [92/197] [5천장판매] [B-BASIC] 베이직 이너 튜브탑 (캡내장)
  [93/197] [9천장판매] [B-BASIC] 베이직 기본 나시 (캡내장)
  [94/197] [1천장판매] [B-DENIM] COTTON SLIM BOOTS-CUT 022
  [95/197] [B-DENIM] NON SPAN BOOTS-CUT 028
  [96/197] [B-DENIM] VINTAGE SLIM BOOTS-CUT 020
  [97/197] [B-BASIC] 헤비코튼 카고 투웨이 밴딩팬츠
  [98/197] [B-DENIM] WASHING WIDE 039
  [99/197] [2만장판매] [B-BASIC] 유넥 골지 반팔티 (2SIZE)
  [100/197] [6천장판매] [B-BASIC] 스탠다드 베이직 스트랩 나시 (2SIZE)
  [101/197] [1만장판매] [B-BASIC] 텐션 스탠다드 슬림 유넥 반팔티 (2SIZE)
  [102/197] [2천장판매] [B-BASIC] 골지 홀터나시 (캡내장)
  [103/197] [B-BASIC] 에어스웨트 미니 스커트팬츠 (2SIZE)
  [104/197] [3천장판매] [B-BASIC] 스탠다드 숏슬리브 브이넥 반팔티 (2SIZE)
  [105/197] [B-BASIC] 펀칭 가디건 (2SIZE)
  [106/197] [B-BASIC] 펀칭 레이스 나시 (캡내장)
  [107/197] [B-BASIC] 펀칭 반팔티 (2SIZE)
  [108/197] [B-BASIC] 펀칭 밴딩 숏팬츠 (2SIZE)
  [109/197] [B-DENIM] LIGHT WASHING WIDE JEANS 054
  [110/197] [1천장판매] [B-BASIC] 베이직 골지 와이드 유넥 캡소매 반팔티 (2SIZE)
  [111/197] [B-BASIC] 베이직 골지 보트넥 반팔티 (2SIZE)
  [112/197] [B-BASIC] 베이직 골지 라운드 망고 나시 (2SIZE)
  [113/197] [B-BASIC] 텐션 스탠다드 브이넥 나시 (2SIZE)
  [114/197] [B-BASIC] 텐션 스탠다드 스퀘어 헨리넥 나시 (2SIZE)
  [115/197] [B-BASIC] 텐션코튼 와이드 스퀘어넥 나시 (2SIZE)
  [116/197] [B-BASIC] 텐션코튼 스퀘어넥 캡소매 반팔티 (2SIZE)
  [117/197] [B-BASIC] 텐션코튼 스트랩 홀터나시 (2SIZE)
  [118/197] [B-BASIC] 텐션코튼 스트랩 베이직 나시 (2SIZE)
  [119/197] [B-BASIC] 에어스웨트 카프리 밴딩팬츠
  [120/197] [B-BASIC] 스탠다드 슬림 오프숄더 반팔티 (2SIZE)
  [121/197] [B-BASIC] 스탠다드 밴딩 롱스커트 (2SIZE)
  [122/197] [B-BASIC] 쿨 소프트 브라렛 (캡내장)
  [123/197] [B-BASIC] 쿨 소프트 브라탑 나시 (캡내장)
  [124/197] [B-DENIM] LOW WIDE COTTON PANTS 056
  [125/197] [B-DENIM] SUMMER WASHING BERMUDA JEANS 055
  [126/197] [B-BASIC] 미드스웨트 컷팅 버뮤다 팬츠
  [127/197] [1천장판매] [B-DENIM] SUMMER BOOTS-CUT 017
  [128/197] [1만장판매] [B-BASIC] 워셔블 쿨 유넥 반팔티 (2SIZE)
  [129/197] [1만장판매] [B-BASIC] 워셔블 쿨 보트넥 반팔티 (2SIZE)
  [130/197] [3천장판매] [B-BASIC] 베이직 코튼스판 망고 홀터넥 나시 (캡내장)
  [131/197] [3천장판매] [B-BASIC] 베이직 코튼스판 스퀘어넥 나시 (캡내장)
  [132/197] [2만장판매] [B-BASIC] 스탠다드 와이드 유넥 나시
  [133/197] [6천장판매] [B-BASIC] 라이트 코튼 밴딩 숏팬츠
  [134/197] [5천장판매] [B-BASIC] 스탠다드 와이드 스퀘어넥 나시 (2SIZE)
  [135/197] [5천장판매] [B-BASIC] 스탠다드 오프숄더 반팔티 (2SIZE)
  [136/197] [3천장판매] [B-BASIC] 쿨 스탠다드 유넥 크롭 반팔티 (2SIZE)
  [137/197] [2천장판매] [B-BASIC] 쿨 스탠다드 베이직 나시 (2SIZE)
  [138/197] [2천장판매] [B-BASIC] 쿨 스탠다드 라운드 크롭 반팔티 (2SIZE)
  [139/197] [6천장판매] [B-BASIC] 스탠다드 망고나시 (2SIZE)
  [140/197] [2천장판매] [B-BASIC] 스탠다드 스트랩 홀터나시
  [141/197] [5천장판매] [B-BASIC] 에어스웨트 버뮤다 밴딩팬츠
  [142/197] [B-BASIC] 에어스웨트 마이크로 숏팬츠
  [143/197] [2천장판매] [B-BASIC] 에어스웨트 3부 밴딩팬츠 (2SIZE)
  [144/197] [1천장판매] [B-BASIC] 에어스웨트 슬림 반팔 후드 집업
  [145/197] [1만장판매] [B-BASIC] 스탠다드 망고 홀터나시
  [146/197] [3만장판매] [B-BASIC] 스탠다드 유넥 크롭 반팔티 (2SIZE)
  [147/197] [B-BASIC] 소프트 브라렛 (캡내장)
  [148/197] [1천장판매] [B-BASIC] 텐션 스탠다드 라운드넥 베이비 반팔티 (2SIZE)
  [149/197] [B-BASIC] 텐션 스탠다드 백 절개 유넥 나시 (2SIZE)
  [150/197] [7천장판매] [B-BASIC] 스탠다드 유넥 나시
  [151/197] [2만장판매] [B-BASIC] 헤비코튼 밴딩 숏팬츠 (2TYPE)
  [152/197] [2천장판매] [B-BASIC] 헤비코튼 버뮤다 밴딩팬츠
  [153/197] [B-BASIC] 에어스웨트 부츠컷 스커트팬츠 (2SIZE)
  [154/197] [1천장판매] [B-BASIC] 스탠다드 유넥 크롭 나시 (2SIZE)
  [155/197] [6천장판매] [B-BASIC] 에어스웨트 루즈핏 후드 집업
  [156/197] [7만장판매] [B-BASIC] 에어스웨트 와이드 투웨이 밴딩팬츠
  [157/197] [B-BASIC] 스트라이프 후드집업
  [158/197] [1만장판매] [B-BASIC] 스탠다드 숏슬리브 라운드 반팔티 (2TYPE)
  [159/197] [8천장판매] [B-BASIC] 스탠다드 나그랑 유넥 반팔티 (2SIZE)
  [160/197] [1천장판매] [B-BASIC] 스트라이프 베이직 스트랩 나시 (2SIZE)
  [161/197] [1천장판매] [B-BASIC] 스트라이프 와이드 밴딩팬츠
  [162/197] [B-BASIC] 플리스 하이넥 집업
  [163/197] [B-BASIC] 플리스 와이드 투웨이 팬츠
  [164/197] [B-BASIC] 와이드 브이넥 니트 (울 50%)
  [165/197] [B-DENIM] HEATING BLACK BOOTS-CUT 047
  [166/197] [B-BASIC] 기모스웨트 숏 팬츠
  [167/197] [B-DENIM] WASHING WIDE 046
  [168/197] [B-BASIC] 스탠다드 기모 라운드 반팔티 (2SIZE)
  [169/197] [B-BASIC] 베이직 기모 튜브탑 나시 (캡내장)
  [170/197] [1천장판매] [B-BASIC] 테크히트 베이직 유넥 긴팔티 (2TYPE)
  [171/197] [B-BASIC] 피그먼트 헤비스웨트 오버핏 후드
  [172/197] [1천장판매] [B-BASIC] 헤비스웨트 솔트워싱 후드
  [173/197] [B-BASIC] 헤비코튼 카고 버뮤다 밴딩팬츠
  [174/197] [B-DENIM] SUMMER WASHING WIDE 042
  [175/197] [1천장판매] [B-BASIC] 썸머 스트라이프 홀터 나시
  [176/197] [B-BASIC] 썸머 스트라이프 숏팬츠
  [177/197] [B-BASIC] 에어스웨트 나그랑 반팔 맨투맨
  [178/197] [B-BASIC] 피그먼트 슬림 나그랑 반팔티
  [179/197] [9천장판매] [B-BASIC] 라운드넥 골지 나시 (롱ver.)
  [180/197] [2천장판매] [B-BASIC] 라운드넥 골지 나시 (숏ver.)
  [181/197] [B-BASIC] 솔리드 코튼 반팔티
  [182/197] [B-DENIM] CUTTING HALF SHORTS 043
  [183/197] [B-BASIC] 스트라이프 캡소매 반팔티 (2SIZE)
  [184/197] [3천장판매] [B-DENIM] WASHING HALF PANTS 023
  [185/197] [1천장판매] [B-BASIC] 스탠다드 링거 라운드 반팔티 (2SIZE)
  [186/197] [3천장판매] [B-DENIM] WASHING SHORTS 012 - BLUE
  [187/197] [B-DENIM] CUTTING MINI SKIRT 030
  [188/197] [1천장판매] [B-DENIM] NON FADE BOOTS-CUT 021
  [189/197] [B-DENIM] HEATING WIDE 033
  [190/197] [7천장판매] [B-BASIC] 스탠다드 스퀘어넥 반팔티
  [191/197] [9천장판매] [B-BASIC] 헤비 코튼 트레이닝 팬츠
  [192/197] [2천장판매] [B-BASIC] 리싸이클 3부 밴딩팬츠
  [193/197] [1만장판매] [B-DENIM] SLIM BOOTS-CUT 001 - BLUE
  [194/197] [B-DENIM] SOLID BOOTS-CUT 019
  [195/197] [B-DENIM] MATT SLIM BOOTS-CUT 031
  [196/197] [B-DENIM] NON FADE STRAIGHT 025
  [197/197] [1천장판매] [B-DENIM] SUMMER COTTON WIDE 027

완료: 197개 상품 -> blackup_products.xlsx
